2026-06-19T14:16:35.541+09:00  INFO 27580 --- [mall-product] [restartedMain] c.k.product.MallProductApplication       : Starting MallProductApplication using Java 17.0.13 with PID 27580 (E:\kubeMall\mall-product\target\classes started by User in E:\kubeMall\mall-product)
2026-06-19T14:16:35.544+09:00 DEBUG 27580 --- [mall-product] [restartedMain] c.k.product.MallProductApplication       : Running with Spring Boot v3.4.2, Spring v6.2.2
2026-06-19T14:16:35.547+09:00  INFO 27580 --- [mall-product] [restartedMain] c.k.product.MallProductApplication       : The following 1 profile is active: "dev"
2026-06-19T14:16:35.614+09:00  INFO 27580 --- [mall-product] [restartedMain] .e.DevToolsPropertyDefaultsPostProcessor : Devtools property defaults active! Set 'spring.devtools.add-properties' to 'false' to disable
2026-06-19T14:16:35.614+09:00  INFO 27580 --- [mall-product] [restartedMain] .e.DevToolsPropertyDefaultsPostProcessor : For additional web related logging consider setting the 'logging.level.web' property to 'DEBUG'
2026-06-19T14:16:37.137+09:00  INFO 27580 --- [mall-product] [restartedMain] .s.d.r.c.RepositoryConfigurationDelegate : Bootstrapping Spring Data JPA repositories in DEFAULT mode.
2026-06-19T14:16:37.220+09:00  INFO 27580 --- [mall-product] [restartedMain] .s.d.r.c.RepositoryConfigurationDelegate : Finished Spring Data repository scanning in 66 ms. Found 1 JPA repository interface.
2026-06-19T14:16:38.589+09:00  INFO 27580 --- [mall-product] [restartedMain] o.s.b.w.embedded.tomcat.TomcatWebServer  : Tomcat initialized with port 8082 (http)
2026-06-19T14:16:38.605+09:00  INFO 27580 --- [mall-product] [restartedMain] o.apache.catalina.core.StandardService   : Starting service [Tomcat]
2026-06-19T14:16:38.607+09:00  INFO 27580 --- [mall-product] [restartedMain] o.apache.catalina.core.StandardEngine    : Starting Servlet engine: [Apache Tomcat/10.1.34]
2026-06-19T14:16:38.669+09:00  INFO 27580 --- [mall-product] [restartedMain] o.a.c.c.C.[Tomcat].[localhost].[/]       : Initializing Spring embedded WebApplicationContext
2026-06-19T14:16:38.669+09:00  INFO 27580 --- [mall-product] [restartedMain] w.s.c.ServletWebServerApplicationContext : Root WebApplicationContext: initialization completed in 3049 ms
2026-06-19T14:16:38.968+09:00  INFO 27580 --- [mall-product] [restartedMain] o.s.boot.web.servlet.RegistrationBean    : Filter disableGatewayUserFilterServletRegistration was not registered (disabled)
2026-06-19T14:16:38.968+09:00  INFO 27580 --- [mall-product] [restartedMain] o.s.boot.web.servlet.RegistrationBean    : Filter disableRequestLogFilterServletRegistration was not registered (disabled)
2026-06-19T14:16:39.173+09:00  INFO 27580 --- [mall-product] [restartedMain] o.hibernate.jpa.internal.util.LogHelper  : HHH000204: Processing PersistenceUnitInfo [name: default]
2026-06-19T14:16:39.253+09:00  INFO 27580 --- [mall-product] [restartedMain] org.hibernate.Version                    : HHH000412: Hibernate ORM core version 6.6.5.Final
2026-06-19T14:16:39.300+09:00  INFO 27580 --- [mall-product] [restartedMain] o.h.c.internal.RegionFactoryInitiator    : HHH000026: Second-level cache disabled
2026-06-19T14:16:39.613+09:00  INFO 27580 --- [mall-product] [restartedMain] o.s.o.j.p.SpringPersistenceUnitInfo      : No LoadTimeWeaver setup: ignoring JPA class transformer
2026-06-19T14:16:39.671+09:00  INFO 27580 --- [mall-product] [restartedMain] com.zaxxer.hikari.HikariDataSource       : HikariPool-1 - Starting...
2026-06-19T14:16:40.022+09:00  INFO 27580 --- [mall-product] [restartedMain] com.zaxxer.hikari.pool.HikariPool        : HikariPool-1 - Added connection org.postgresql.jdbc.PgConnection@707fe03c
2026-06-19T14:16:40.028+09:00  INFO 27580 --- [mall-product] [restartedMain] com.zaxxer.hikari.HikariDataSource       : HikariPool-1 - Start completed.
2026-06-19T14:16:40.105+09:00  INFO 27580 --- [mall-product] [restartedMain] org.hibernate.orm.connections.pooling    : HHH10001005: Database info:
	Database JDBC URL [Connecting through datasource 'HikariDataSource (HikariPool-1)']
	Database driver: undefined/unknown
	Database version: 17.5
	Autocommit mode: undefined/unknown
	Isolation level: undefined/unknown
	Minimum pool size: undefined/unknown
	Maximum pool size: undefined/unknown
2026-06-19T14:16:41.229+09:00  INFO 27580 --- [mall-product] [restartedMain] o.h.e.t.j.p.i.JtaPlatformInitiator       : HHH000489: No JTA platform available (set 'hibernate.transaction.jta.platform' to enable JTA platform integration)
2026-06-19T14:16:41.349+09:00  INFO 27580 --- [mall-product] [restartedMain] j.LocalContainerEntityManagerFactoryBean : Initialized JPA EntityManagerFactory for persistence unit 'default'
2026-06-19T14:16:42.110+09:00  WARN 27580 --- [mall-product] [restartedMain] JpaBaseConfiguration$JpaWebConfiguration : spring.jpa.open-in-view is enabled by default. Therefore, database queries may be performed during view rendering. Explicitly configure spring.jpa.open-in-view to disable this warning
2026-06-19T14:16:42.227+09:00  WARN 27580 --- [mall-product] [restartedMain] .s.s.UserDetailsServiceAutoConfiguration : 

Using generated security password: 2c07f0c0-201f-4674-b545-9bada9645719

This generated password is for development use only. Your security configuration must be updated before running your application in production.

2026-06-19T14:16:42.497+09:00  INFO 27580 --- [mall-product] [restartedMain] o.s.b.a.w.s.WelcomePageHandlerMapping    : Adding welcome page: class path resource [static/index.html]
2026-06-19T14:16:43.509+09:00  INFO 27580 --- [mall-product] [restartedMain] o.s.b.a.e.web.EndpointLinksResolver      : Exposing 1 endpoint beneath base path '/actuator'
2026-06-19T14:16:43.668+09:00  WARN 27580 --- [mall-product] [restartedMain] o.s.b.d.a.OptionalLiveReloadServer       : Unable to start LiveReload server
2026-06-19T14:16:43.766+09:00  INFO 27580 --- [mall-product] [restartedMain] o.s.b.w.embedded.tomcat.TomcatWebServer  : Tomcat started on port 8082 (http) with context path '/'
2026-06-19T14:16:43.786+09:00  INFO 27580 --- [mall-product] [restartedMain] c.k.product.MallProductApplication       : Started MallProductApplication in 8.9 seconds (process running for 9.487)
